// Vitest Snapshot v1, https://vitest.dev/guide/snapshot.html

exports[`SalesChart > should render the component properly 1`] = `
"<div class="sales-chart bg-white dark:bg-gray-800 p-6 rounded-2xl shadow">
  <h3 class="text-lg font-bold mb-4">Ventas por mes</h3>
  <div class="h-72">
    <div class="line-chart-mock"></div>
  </div>
</div>"
`;
